ok - fm-harness.sh: ancestry detects a natively-named polytoken command
ok - fm-harness.sh: ancestry rejects unrelated polytoken mentions
ok - fm-harness.sh: no inherited launcher marker claims the polytoken identity
ok - fm-control-lib: polytoken mechanics are REST interrupt, /quit exit, no secondmates
ok - fm-control-lib: polytoken wiring tables name every generated artifact and no project file
ok - bin/fm-agent-process-lib.sh: polytoken is an agent, fragments are not
ok - fm-busy-lib: the polytoken-hook source is scoped to polytoken tasks
ok - fm-composer-lib: only the pinned Running-for row carries the polytoken busy verdict
ok - fm-composer-lib: the polytoken separated shape reads empty, pending, and unknown exactly
ok - fm-composer-lib: the queued-Enter conversion covers polytoken's verified queue behavior
ok - fm-polytoken-lib: the config mirror enforces the unattended posture
ok - fm-polytoken-lib: the worker facet carries the role contract and no model pin
ok - fm-polytoken-lib: the no-argv busy writer opens, closes, and never fails
ok - fm-polytoken-lib: the hook layer binds the three events and refuses to clobber
ok - fm-polytoken-lib: the model ref composes the effort axis and refuses unlisted models
ok - fm-polytoken-lib: an unreachable listing establishes nothing and launches unvalidated
ok - fm-polytoken-lib: the REST interrupt reports cancelled, not-running, and refuses unauthorized
ok - fm-polytoken-lib: the typed settle postcondition follows GET /sync
ok - fm-spawn: the polytoken launch carries the hybrid contract end to end
ok - fm-spawn: polytoken omits an unlisted effort from the launch but records it
ok - fm-spawn: an unlisted polytoken model refuses before pane creation
ok - fm-spawn: polytoken cannot be launched as a secondmate
ok - fm-spawn: a project's own polytoken hook layer is refused, not clobbered
ok - fm-spawn: a failed readiness gate fails loudly, reaps, and retires its wiring
ok - fm-spawn: the polytoken busy contract arms and advances through the generated writer
